Checking for deprecated package usage... OK
Checking for remote package usage... OK
Checking for 'LazyData: true' usage... OK
Checking version number... OK
Checking version number validity...
y of x.y.z version should be even in release
Checking R version dependency... OK
Checking package size... OK
Checking individual file sizes... OK
Checking biocViews... OK
Checking that biocViews are present... OK
Checking package type based on biocViews... OK
Checking for non-trivial biocViews... OK
Checking that biocViews come from the same category... OK
Checking biocViews validity... OK
Checking for recommended biocViews... OK
Checking build system compatibility... OK
Checking for proper Description: field... OK
Checking if DESCRIPTION is well formatted... OK
Checking for whitespace in DESCRIPTION field names... OK
Checking that Package field matches directory/tarball name... OK
Checking for Version: field... OK
Checking for valid maintainer... OK
Checking License: for restrictive use... OK
Checking for recommended DESCRIPTION fields... OK
Checking for Bioconductor software dependencies... OK
Checking for pinned package versions in DESCRIPTION... OK
Checking .Rbuildignore... OK
Checking for stray BiocCheck output folders... OK
Checking for inst/doc folders... OK
Checking vignette directory... OK
Checking package installation calls in R code... OK
Checking for library/require of SpotSweeper... OK
Checking coding practice...
 Avoid sapply(); use vapply()
Found in files:
R/findArtifacts.R (line 97, column 22)
R/localVariance.R (line 113, column 22)
R/localVariance.R (line 143, column 23)
 Avoid 1:...; use seq_len() or seq_along()
Found in files:
flagVisiumOutliers.R (line 48, column 13)
 Avoid 'cat' and 'print' outside of 'show' methods
Found in files:
print() in R/plotQCpdf.R (line 89, column 9)
.Deprecated / .Defunct usage (found 1 times)
.Deprecated() in R/plotQCmetrics.R (line 131, column 3)
Checking parsed R code in R directory, examples, vignettes...
Avoid '<<-' if possible (found 1 times)
<<- in R/findArtifacts.R (line 115, column 16)
Checking function lengths...
The recommended function length is 50 lines or less. There are 4 functions greater than 50 lines.
The longest 5 functions are:
localVariance() (R/localVariance.R): 117 lines
findArtifacts() (R/findArtifacts.R): 116 lines
localOutliers() (R/localOutliers.R):  78 lines
plotQCmetrics() (R/plotQCmetrics.R):  58 lines
Checking man page documentation... OK
Checking package NEWS... OK
Checking unit tests... OK
Checking skip_on_bioc() in tests... OK
Checking formatting of DESCRIPTION, NAMESPACE, man pages, R source, and vignette source...
Consider shorter lines; 26 lines (2%) are > 80 characters long.
First few lines:
R/biased_spots.R#L3 #' The `biased_spots` dataset is a `data ...
R/biased_spots.R#L4 #' spatial spots identified as technical ...
R/biased_spots.R#L16 #'   \item{row}{Integer. The row positio ...
R/biased_spots.R#L17 #'   \item{col}{Integer. The column posi ...
R/biased_spots.R#L18 #'   \item{barcode}{Character. A unique  ...
R/biased_spots.R#L25 #' See https://github.com/boyiguo1/Manus ...
R/findArtifacts.R#L65     stop("Input data must be a SpatialEx ...
R/findArtifacts.R#L93     stop("The input SPE must contain onl ...
R/findArtifacts.R#L148     clus1_mean <- mean(colData(spe.temp) ...
R/findArtifacts.R#L149     clus2_mean <- mean(colData(spe.temp) ...
R/flagVisiumOutliers.R#L3 #' The `flagVisiumoutliers` function ide ...
R/flagVisiumOutliers.R#L4 #' `SpatialExperiment` object based on b ...
R/flagVisiumOutliers.R#L5 #' of the `SpatialExperiment` object, al ...
R/flagVisiumOutliers.R#L8 #' @param spe A `SpatialExperiment` obje ...
R/flagVisiumOutliers.R#L9 #'   The object must include `array_row` ...
R/flagVisiumOutliers.R#L12 #' @return A `SpatialExperiment` object  ...
R/flagVisiumOutliers.R#L13 #'   logical column `systematic_outliers ...
R/flagVisiumOutliers.R#L38     stop("Input data must be a SpatialEx ...
R/flagVisiumOutliers.R#L47   # For each pair of (row, col) in biase ...
R/localOutliers.R#L19 #' @return SpatialExperiment or SingleCe ...
R/localOutliers.R#L67   if (!is.numeric(n_neighbors) || n_neig ...
R/localOutliers.R#L126   cd_list <- BiocParallel::bplapply(samp ...
R/localVariance.R#L67     stop("Input data must be a SpatialEx ...
R/localVariance.R#L128                                   BPPARA ...
vignettes/getting_started.Rmd#L165 plotQCmetrics(spe, metric = "sum_log", o ...
vignettes/getting_started.Rmd#L190 the technical artifacts using the `plotQ ...
Consider multiples of 4 spaces for line indents; 185 lines (17%) are not.
First few lines:
R/findArtifacts.R#L62   # ===== Validity checks ===== ...
R/findArtifacts.R#L63   # Check if 'spe' is (or inherits from) ...
R/findArtifacts.R#L64   if (!inherits(spe, "SpatialExperiment" ...
R/findArtifacts.R#L66   } ...
R/findArtifacts.R#L68   if (!all(mito_percent %in% colnames(co ...
R/findArtifacts.R#L70   } ...
R/findArtifacts.R#L72   if (!mito_sum %in% colnames(colData(sp ...
R/findArtifacts.R#L74   } ...
R/findArtifacts.R#L76   if (!samples %in% colnames(colData(spe ...
R/findArtifacts.R#L78   } ...
R/findArtifacts.R#L80   if (!is.numeric(n_order) || ...
R/findArtifacts.R#L81       n_order <= 0 || ...
R/findArtifacts.R#L82       n_order != round(n_order)) { ...
R/findArtifacts.R#L84   } ...
R/findArtifacts.R#L86   if (!shape %in% c("hexagonal", "square ...
R/findArtifacts.R#L88   } ...
R/findArtifacts.R#L90   # Check if spe contains more than one  ...
R/findArtifacts.R#L91   unique_sample_ids <- unique(colData(sp ...
R/findArtifacts.R#L92   if (length(unique_sample_ids) > 1) { ...
R/findArtifacts.R#L94   } ...
R/findArtifacts.R#L96   # Initialize a list to store spe for e ...
R/findArtifacts.R#L97   columnData_list <- sapply(unique_sampl ...
R/findArtifacts.R#L99   for (sample in unique_sample_ids) { ...
R/findArtifacts.R#L106       # Calculate n_neighbors for the cu ...
R/findArtifacts.R#L107       if (shape == "hexagonal") { ...
R/findArtifacts.R#L109       } else if (shape == "square") { ...
R/findArtifacts.R#L111       } ...
R/findArtifacts.R#L112       tmp.name <- paste0("k", n_neighbor ...
R/findArtifacts.R#L114       # Apply local variance calculation ...
R/findArtifacts.R#L115       spe.temp <<- localVariance(spe.tem ...
R/findArtifacts.R#L116                                  metric  ...
R/findArtifacts.R#L117                                  n_neigh ...
R/findArtifacts.R#L118                                  name =  ...
R/findArtifacts.R#L119                                  log=log ...
R/findArtifacts.R#L121       # Extract and return the column co ...
R/findArtifacts.R#L122       colData(spe.temp)[[tmp.name]] ...
R/findArtifacts.R#L128       var_matrix, ...
R/findArtifacts.R#L130       colData(spe.temp)[[mito_percent]], ...
R/findArtifacts.R#L131       colData(spe.temp)[[mito_sum]] ...
R/findArtifacts.R#L161   } ...
R/findArtifacts.R#L163   # rbind the list of dataframes ...
R/findArtifacts.R#L164   columnData_aggregated <- do.call(rbind ...
R/findArtifacts.R#L166   # replace SPE column data with aggrega ...
R/findArtifacts.R#L167   colData(spe) <- columnData_aggregated ...
R/findArtifacts.R#L168   reducedDims(spe) <- reducedDims(spe.te ...
R/findArtifacts.R#L170   # return sce ...
R/findArtifacts.R#L171   return(spe) ...
R/flagVisiumOutliers.R#L36   # Check if 'spe' is (or inherits from) ...
R/flagVisiumOutliers.R#L37   if (!inherits(spe, "SpatialExperiment" ...
R/flagVisiumOutliers.R#L39   } ...
R/flagVisiumOutliers.R#L41   # Load the biased_spots dataset ...
R/flagVisiumOutliers.R#L42   data("biased_spots", package = "SpotSw ...
R/flagVisiumOutliers.R#L44   # Create a logical mask for cells to d ...
R/flagVisiumOutliers.R#L45   drop_mask <- rep(FALSE, ncol(spe))  #  ...
R/flagVisiumOutliers.R#L47   # For each pair of (row, col) in biase ...
R/flagVisiumOutliers.R#L48   for (i in 1:nrow(biased_spots)) { ...
R/flagVisiumOutliers.R#L54   } ...
R/flagVisiumOutliers.R#L56   # Add the drop_mask as a new column in ...
R/flagVisiumOutliers.R#L57   colData(spe)$systematic_outliers <- dr ...
R/flagVisiumOutliers.R#L59   return(spe) ...
R/localOutliers.R#L61   if (!inherits(spe, "SpatialExperiment" ...
R/localOutliers.R#L63   } ...
R/localOutliers.R#L64   if (!direction %in% c("lower", "higher ...
R/localOutliers.R#L66   } ...
R/localOutliers.R#L67   if (!is.numeric(n_neighbors) || n_neig ...
R/localOutliers.R#L69   } ...
R/localOutliers.R#L70   if (!is.numeric(cutoff)) { ...
R/localOutliers.R#L72   } ...
R/localOutliers.R#L74   ## log‐transform if requested ...
R/localOutliers.R#L75   if (log) { ...
R/localOutliers.R#L79   } else { ...
R/localOutliers.R#L81   } ...
R/localOutliers.R#L83   ## sample IDs ...
R/localOutliers.R#L84   samp_ids <- unique(colData(spe)[[sampl ...
R/localOutliers.R#L86   ## choose a BPPARAM for outer loop ...
R/localOutliers.R#L87   bp_param <- if (.Platform$OS.type == " ...
R/localOutliers.R#L89   } else { ...
R/localOutliers.R#L91   } ...
R/localOutliers.R#L93   ## per‐sample processing function ...
R/localOutliers.R#L94   process_sample <- function(sid) { ...
R/localOutliers.R#L100       spatialCoords(ss), ...
R/localOutliers.R#L101       k = n_neighbors, ...
R/localOutliers.R#L102       warn.ties = FALSE, ...
R/localOutliers.R#L103       BPPARAM = BiocParallel::SerialPara ...
R/localOutliers.R#L108       idx <- c(i, nn[i, nn[i, ] != 0]) ...
R/localOutliers.R#L109       spatialEco::outliers(cd[idx, metri ...
R/localOutliers.R#L116       direction, ...
R/localOutliers.R#L117       higher = modz > cutoff, ...
R/localOutliers.R#L118       lower  = modz < -cutoff, ...
R/localOutliers.R#L119       both   = modz > cutoff | modz < -c ...
R/localOutliers.R#L123   } ...
R/localOutliers.R#L125   ## run across samples in parallel ...
R/localOutliers.R#L126   cd_list <- BiocParallel::bplapply(samp ...
R/localOutliers.R#L127   names(cd_list) <- samp_ids ...
R/localOutliers.R#L129   ## stitch back together ...
R/localOutliers.R#L130   combined <- do.call(rbind, cd_list) ...
R/localOutliers.R#L131   colData(spe) <- combined ...
R/localOutliers.R#L132   spe ...
R/localVariance.R#L60                           metric = c("ex ...
R/localVariance.R#L61                           samples = "sam ...
R/localVariance.R#L62                           workers = 1) { ...
R/localVariance.R#L64   # ===== Validity checks ===== ...
R/localVariance.R#L65   # Check if 'spe' is (or inherits from) ...
R/localVariance.R#L66   if (!inherits(spe, "SpatialExperiment" ...
R/localVariance.R#L68   } ...
R/localVariance.R#L70   # Validate 'metric' is a character vec ...
R/localVariance.R#L71   if (!is.character(metric)) { ...
R/localVariance.R#L73   } ...
R/localVariance.R#L75   # validate 'metric' are valid colData ...
R/localVariance.R#L76   if (!all(metric %in% colnames(colData( ...
R/localVariance.R#L78   } ...
R/localVariance.R#L80   # validate samples is valid colData ...
R/localVariance.R#L81   if (!samples %in% colnames(colData(spe ...
R/localVariance.R#L83   } ...
R/localVariance.R#L85   # Check 'n_neighbors' is a positive in ...
R/localVariance.R#L86   if (!is.numeric(n_neighbors) || ...
R/localVariance.R#L87       n_neighbors <= 0 || ...
R/localVariance.R#L88       n_neighbors != round(n_neighbors)) ...
R/localVariance.R#L90   } ...
R/localVariance.R#L92   # Check 'workers' is a positive intege ...
R/localVariance.R#L93   if (!is.numeric(workers) || ...
R/localVariance.R#L94       workers <= 0 || ...
R/localVariance.R#L95       workers != round(workers)) { ...
R/localVariance.R#L97   } ...
R/localVariance.R#L99   # ===== start function ===== ...
R/localVariance.R#L100   # log1p transform specified metric ...
R/localVariance.R#L101   if (log) { ...
R/localVariance.R#L105   } else { ...
R/localVariance.R#L107   } ...
R/localVariance.R#L109   # Get a list of unique sample IDs ...
R/localVariance.R#L110   unique_sample_ids <- unique(colData(sp ...
R/localVariance.R#L112   # Initialize list to store each column ...
R/localVariance.R#L113   columnData_list <- sapply(unique_sampl ...
R/localVariance.R#L115   # Loop through each unique sample ID ...
R/localVariance.R#L116   for (sample_id in seq_along(unique_sam ...
R/localVariance.R#L127                                   k = n_ ...
R/localVariance.R#L128                                   BPPARA ...
R/localVariance.R#L129                                   warn.t ...
R/localVariance.R#L135       indices <- dnn[i, ] ...
R/localVariance.R#L136       indices <- indices[indices != 0] ...
R/localVariance.R#L137       indices <- c(i, indices) ...
R/localVariance.R#L139       columnData[indices, metric_to_use] ...
R/localVariance.R#L144       c(var = var(x, na.rm = TRUE), mean ...
R/localVariance.R#L152                           data = as.data ...
R/localVariance.R#L158       columnData[name] <- var_resid ...
R/localVariance.R#L160       metric_var <- paste0(metric, "_var ...
R/localVariance.R#L161       columnData[metric_var] <- var_resi ...
R/localVariance.R#L166   } ...
R/localVariance.R#L168   # rbind the list of dataframes ...
R/localVariance.R#L169   columnData_aggregated <- do.call(rbind ...
R/localVariance.R#L171   # replace SPE column data with aggrega ...
R/localVariance.R#L172   colData(spe) <- columnData_aggregated ...
R/localVariance.R#L174   return(spe) ...
R/plotQCmetrics.R#L76   # Subset the data to the specified sam ...
R/plotQCmetrics.R#L77   spe.subset <- spe[, colData(spe)[[samp ...
R/plotQCmetrics.R#L79   # Start building the plot ...
R/plotQCmetrics.R#L80   p <- make_escheR(spe.subset) |> ...
R/plotQCmetrics.R#L83   # Conditionally add outliers if they a ...
R/plotQCmetrics.R#L84   if (!is.null(outliers)) { ...
R/plotQCmetrics.R#L86       var = outliers, ...
R/plotQCmetrics.R#L87       stroke = stroke, ...
R/plotQCmetrics.R#L88       point_size = point_size ...
R/plotQCmetrics.R#L90   } ...
R/plotQCmetrics.R#L92   # Add title to the plot ...
R/plotQCmetrics.R#L93   p <- p + ggtitle(paste0("Sample: ", sa ...
R/plotQCmetrics.R#L95   # Remove and replace scales to avoid w ...
R/plotQCmetrics.R#L96   p$scales$scales <- list() ...
R/plotQCmetrics.R#L98   # Conditionally add color scales based ...
R/plotQCmetrics.R#L99   if (length(colors) == 2) { ...
R/plotQCmetrics.R#L101       scale_y_reverse() ...
R/plotQCmetrics.R#L105       p <- p + scale_color_manual( ...
R/plotQCmetrics.R#L108       ) ...
R/plotQCmetrics.R#L110   } else if (length(colors) > 2) { ...
R/plotQCmetrics.R#L112       low = colors[1], ...
R/plotQCmetrics.R#L113       mid = colors[2], ...
R/plotQCmetrics.R#L114       high = colors[3] ...
R/plotQCmetrics.R#L116       scale_y_reverse() ...
R/plotQCmetrics.R#L120       p <- p + scale_color_manual( ...
R/plotQCmetrics.R#L123       ) ...
R/plotQCmetrics.R#L125   } ...
R/plotQCmetrics.R#L127   return(p) ...
R/plotQCmetrics.R#L131   .Deprecated("plotQCmetrics") ...
R/plotQCmetrics.R#L132   plotQCmetrics(...) ...
vignettes/getting_started.Rmd#L166        stroke = 0.75) + ...
vignettes/getting_started.Rmd#L167       ggtitle("All Local Outliers") ...
Checking if package already exists in CRAN... OK
Checking for bioc-devel mailing list subscription...
Cannot determine whether maintainer is subscribed to the Bioc-Devel mailing list (requires admin credentials). Subscribe here: https://stat.ethz.ch/mailman/listinfo/bioc-devel
Checking for support site registration... OK
